// Jest Snapshot v1, https://goo.gl/fbAQLP

exports[`<AppBar /> should match snapshot 1`] = `
<DocumentFragment>
  <div
    class="screen-600:hidden"
  />
  <header
    class="bg-napari-primary h-napari-app-bar justify-center items-center px-6 screen-495:px-12 screen-1150:p-0 zero:grid-cols-[min-content,1fr] grid justify-center gap-6 screen-495:gap-12 grid-cols-2 screen-875:grid-cols-napari-3 screen-1150:grid-cols-napari-4 screen-1425:grid-cols-napari-5"
  >
    <div
      class="hidden screen-600:block"
    >
      <nav
        class="flex"
      >
        <a
          class="whitespace-nowrap"
          data-testid="appBarHome"
          href="/"
        >
          napari &lt;strong&gt;hub&lt;/strong&gt;
        </a>
        <div
          class="flex"
        >
          <a
            class="ml-6"
            href="/about"
          >
            About
          </a>
          <a
            class="ml-6"
            href="/faq"
          >
            FAQ
          </a>
        </div>
      </nav>
    </div>
    <div
      class="screen-600:hidden"
    >
      <nav
        class="flex"
      >
        <a
          class="whitespace-nowrap"
          data-testid="appBarHome"
          href="/"
        >
          napari &lt;strong&gt;hub&lt;/strong&gt;
        </a>
      </nav>
    </div>
    <div
      class="flex items-center w-full justify-self-end screen-875:col-span-2 screen-1150:col-span-3"
    >
      <form
        class="flex flex-auto items-center border-b-2 border-black"
        data-testid="searchBarForm"
      >
        <input
          aria-label="Search bar for searching for napari plugins."
          class="flex flex-auto border-none outline-none bg-transparent w-0"
          data-testid="searchBarInput"
          value=""
        />
        <button
          aria-label="Submit search query"
          class="MuiButtonBase-root MuiIconButton-root"
          data-testid="submitQueryButton"
          tabindex="0"
          type="button"
        >
          <span
            class="MuiIconButton-label"
          >
            <svg
              class="h-5 w-5"
              fill="none"
              height="16"
              viewBox="0 0 16 16"
              width="16"
              xmlns="http://www.w3.org/2000/svg"
            >
              <path
                d="M8.32004 7.68001L0.746704 15.2533M10.6667 9.60001C13.0134 9.60001 14.9334 7.68001 14.9334 5.33335C14.9334 2.98668 13.0134 1.06668 10.6667 1.06668C8.32004 1.06668 6.40004 2.98668 6.40004 5.33335C6.40004 7.68001 8.32004 9.60001 10.6667 9.60001Z"
                stroke="black"
                stroke-width="2"
              />
            </svg>
          </span>
          <span
            class="MuiTouchRipple-root"
          />
        </button>
      </form>
      <div
        class="ml-6 flex screen-600:hidden"
      >
        <button
          class="MuiButtonBase-root MuiIconButton-root"
          tabindex="0"
          type="button"
        >
          <span
            class="MuiIconButton-label"
          >
            <svg
              fill="none"
              height="16"
              viewBox="0 0 16 16"
              width="16"
              xmlns="http://www.w3.org/2000/svg"
            >
              <title>
                Icon for opening side menu.
              </title>
              <path
                d="M16 1H0"
                stroke="black"
                stroke-width="1.98857"
              />
              <path
                d="M16 7.99924H0"
                stroke="black"
                stroke-width="1.98857"
              />
              <path
                d="M16 15H0"
                stroke="black"
                stroke-width="1.98857"
              />
            </svg>
          </span>
          <span
            class="MuiTouchRipple-root"
          />
        </button>
      </div>
    </div>
  </header>
</DocumentFragment>
`;
