// Jest Snapshot v1, https://goo.gl/fbAQLP

exports[`<SignupForm /> should match snapshot 1`] = `
<DocumentFragment>
  <div
    class="bg-napari-light p-6 screen-495:p-12 grid justify-center gap-6 screen-495:gap-12 grid-cols-2 screen-875:grid-cols-napari-3 screen-1150:grid-cols-napari-4 screen-1425:grid-cols-napari-5"
  >
    <div
      class="col-span-2 screen-495:col-span-3 screen-1425:col-start-2"
    >
      <h3
        class="text-lg font-semibold mb-1 screen-495:mb-4"
      >
        Sign up to receive updates
      </h3>
      <form
        action="https://dev.us5.list-manage.com/subscribe/post?u=79f50c0d0474ff43dffedabda&id=63bf16756e"
        class="grid grid-cols-2 screen-875:grid-cols-napari-3 screen-495:gap-x-12 gap-y-3.5"
        method="post"
        novalidate=""
        target="_blank"
      >
        <div
          aria-label="Email address"
          class="MuiFormControl-root MuiTextField-root text-sm pt-0.5 h-8 screen-495:h-[35px] col-span-2 screen-495:col-span-1 screen-875:col-span-2"
        >
          <div
            class="MuiInputBase-root MuiInput-root MuiInput-underline MuiInputBase-formControl MuiInput-formControl"
          >
            <input
              aria-invalid="false"
              class="MuiInputBase-input MuiInput-input"
              data-testid="emailField"
              name="EMAIL"
              placeholder="email"
              required=""
              type="email"
              value=""
            />
          </div>
        </div>
        <button
          class="MuiButtonBase-root MuiButton-root MuiButton-contained bg-napari-primary text-sm font-semibold h-[35px] col-span-2 screen-495:col-span-1 MuiButton-containedPrimary MuiButton-disableElevation"
          data-testid="submitButton"
          name="subscribe"
          tabindex="0"
          type="submit"
        >
          <span
            class="MuiButton-label"
          >
            Subscribe
          </span>
          <span
            class="MuiTouchRipple-root"
          />
        </button>
      </form>
    </div>
  </div>
</DocumentFragment>
`;
