// Jest Snapshot v1, https://goo.gl/fbAQLP

exports[`<ColumnLayout /> should match snapshot 1`] = `
<DocumentFragment>
  <div
    class="grid justify-center gap-6 screen-495:gap-12 grid-cols-2 screen-875:grid-cols-napari-3 screen-1150:grid-cols-napari-4 screen-1425:grid-cols-napari-5"
  >
    <div />
    <div />
    <div />
  </div>
</DocumentFragment>
`;
