// Jest Snapshot v1, https://goo.gl/fbAQLP

exports[`<Markdown /> should match snapshot 1`] = `
<DocumentFragment>
  <div
    class="markdown"
  >
    <h1
      id="hello-world"
    >
      Hello World
    </h1>
  </div>
</DocumentFragment>
`;
