// Jest Snapshot v1, https://goo.gl/fbAQLP

exports[`<Link /> should match snapshot 1`] = `
<DocumentFragment>
  <a
    href="https://example.com"
  >
    Hello, World!
  </a>
</DocumentFragment>
`;
