// Jest Snapshot v1, https://goo.gl/fbAQLP

exports[`<MenuDrawer /> should match snapshot 1`] = `
<div
  class="fixed top-0 right-0 flex flex-row items-start z-40 w-9/12 h-screen p-napari-sm bg-black"
  data-testid="menu"
  style="transform: translateX(100%) translateZ(0);"
>
  <ul
    class="flex flex-auto flex-col"
  >
    <li
      class="text-white item"
      data-testid="drawerItem"
    >
      <a
        href="/foo"
      >
        foo
      </a>
    </li>
    <li
      class="text-white item"
      data-testid="drawerItem"
    >
      <a
        href="/bar"
      >
        bar
      </a>
    </li>
  </ul>
  <button
    class="flex"
    data-testid="drawerClose"
    type="button"
  >
    <div
      style="overflow: hidden; box-sizing: border-box; display: inline-block; position: relative; width: 16px; height: 16px;"
    >
      <noscript />
      <img
        alt="Menu close button"
        decoding="async"
        src="data:image/gif;base64,R0lGODlhAQABAIAAAAAAAP///yH5BAEAAAAALAAAAAABAAEAAAIBRAA7"
        style="position: absolute; top: 0px; left: 0px; bottom: 0px; right: 0px; box-sizing: border-box; padding: 0px; margin: auto; display: block; width: 0px; height: 0px; min-width: 100%; max-width: 100%; min-height: 100%; max-height: 100%;"
      />
    </div>
  </button>
</div>
`;
